[1.716s] Invoking command in '/home/greyflon/lab_2025/src/cv_basics': PYTHONPATH=/home/greyflon/lab_2025/build/cv_basics/prefix_override:/usr/lib/python3/dist-packages/colcon_core/task/python/colcon_distutils_commands:/home/greyflon/lab_2025/install/cv_basics/lib/python3.10/site-packages:${PYTHONPATH} /usr/bin/python3 -W ignore:setup.py install is deprecated -W ignore:easy_install command is deprecated setup.py egg_info --egg-base ../../build/cv_basics build --build-base /home/greyflon/lab_2025/build/cv_basics/build install --record /home/greyflon/lab_2025/build/cv_basics/install.log --single-version-externally-managed install_data
[1.989s] running egg_info
[1.989s] writing ../../build/cv_basics/cv_basics.egg-info/PKG-INFO
[1.990s] writing dependency_links to ../../build/cv_basics/cv_basics.egg-info/dependency_links.txt
[1.990s] writing entry points to ../../build/cv_basics/cv_basics.egg-info/entry_points.txt
[1.990s] writing requirements to ../../build/cv_basics/cv_basics.egg-info/requires.txt
[1.990s] writing top-level names to ../../build/cv_basics/cv_basics.egg-info/top_level.txt
[1.992s] reading manifest file '../../build/cv_basics/cv_basics.egg-info/SOURCES.txt'
[2.009s] writing manifest file '../../build/cv_basics/cv_basics.egg-info/SOURCES.txt'
[2.009s] running build
[2.009s] running build_py
[2.013s] running install
[2.013s] running install_lib
[2.014s] running install_data
[2.015s] copying data/yolo11n.pt -> /home/greyflon/lab_2025/install/cv_basics/share/cv_basics/data
[2.021s] running install_egg_info
[2.023s] removing '/home/greyflon/lab_2025/install/cv_basics/lib/python3.10/site-packages/cv_basics-0.0.0-py3.10.egg-info' (and everything under it)
[2.023s] Copying ../../build/cv_basics/cv_basics.egg-info to /home/greyflon/lab_2025/install/cv_basics/lib/python3.10/site-packages/cv_basics-0.0.0-py3.10.egg-info
[2.024s] running install_scripts
[2.043s] Installing inference_yolo_node script to /home/greyflon/lab_2025/install/cv_basics/lib/cv_basics
[2.043s] Installing module_ROS script to /home/greyflon/lab_2025/install/cv_basics/lib/cv_basics
[2.043s] Installing service script to /home/greyflon/lab_2025/install/cv_basics/lib/cv_basics
[2.043s] writing list of installed files to '/home/greyflon/lab_2025/build/cv_basics/install.log'
[2.067s] Invoked command in '/home/greyflon/lab_2025/src/cv_basics' returned '0': PYTHONPATH=/home/greyflon/lab_2025/build/cv_basics/prefix_override:/usr/lib/python3/dist-packages/colcon_core/task/python/colcon_distutils_commands:/home/greyflon/lab_2025/install/cv_basics/lib/python3.10/site-packages:${PYTHONPATH} /usr/bin/python3 -W ignore:setup.py install is deprecated -W ignore:easy_install command is deprecated setup.py egg_info --egg-base ../../build/cv_basics build --build-base /home/greyflon/lab_2025/build/cv_basics/build install --record /home/greyflon/lab_2025/build/cv_basics/install.log --single-version-externally-managed install_data
