/home/greyflon/lab_2025/install/cv_basics/lib/python3.10/site-packages/cv_basics/service.py
/home/greyflon/lab_2025/install/cv_basics/lib/python3.10/site-packages/cv_basics/inference_pytorch_background.py
/home/greyflon/lab_2025/install/cv_basics/lib/python3.10/site-packages/cv_basics/module_ROS.py
/home/greyflon/lab_2025/install/cv_basics/lib/python3.10/site-packages/cv_basics/__init__.py
/home/greyflon/lab_2025/install/cv_basics/lib/python3.10/site-packages/cv_basics/__pycache__/service.cpython-310.pyc
/home/greyflon/lab_2025/install/cv_basics/lib/python3.10/site-packages/cv_basics/__pycache__/inference_pytorch_background.cpython-310.pyc
/home/greyflon/lab_2025/install/cv_basics/lib/python3.10/site-packages/cv_basics/__pycache__/module_ROS.cpython-310.pyc
/home/greyflon/lab_2025/install/cv_basics/lib/python3.10/site-packages/cv_basics/__pycache__/__init__.cpython-310.pyc
/home/greyflon/lab_2025/install/cv_basics/share/ament_index/resource_index/packages/cv_basics
/home/greyflon/lab_2025/install/cv_basics/share/cv_basics/package.xml
/home/greyflon/lab_2025/install/cv_basics/share/cv_basics/data/yolo11n.pt
/home/greyflon/lab_2025/install/cv_basics/share/cv_basics/data/веса_в_эту_папку.txt
/home/greyflon/lab_2025/install/cv_basics/lib/python3.10/site-packages/cv_basics-0.0.0-py3.10.egg-info/SOURCES.txt
/home/greyflon/lab_2025/install/cv_basics/lib/python3.10/site-packages/cv_basics-0.0.0-py3.10.egg-info/requires.txt
/home/greyflon/lab_2025/install/cv_basics/lib/python3.10/site-packages/cv_basics-0.0.0-py3.10.egg-info/zip-safe
/home/greyflon/lab_2025/install/cv_basics/lib/python3.10/site-packages/cv_basics-0.0.0-py3.10.egg-info/top_level.txt
/home/greyflon/lab_2025/install/cv_basics/lib/python3.10/site-packages/cv_basics-0.0.0-py3.10.egg-info/entry_points.txt
/home/greyflon/lab_2025/install/cv_basics/lib/python3.10/site-packages/cv_basics-0.0.0-py3.10.egg-info/dependency_links.txt
/home/greyflon/lab_2025/install/cv_basics/lib/python3.10/site-packages/cv_basics-0.0.0-py3.10.egg-info/PKG-INFO
/home/greyflon/lab_2025/install/cv_basics/lib/cv_basics/inference_yolo_node
/home/greyflon/lab_2025/install/cv_basics/lib/cv_basics/module_ROS
/home/greyflon/lab_2025/install/cv_basics/lib/cv_basics/service
