[1.835s] Invoking command in '/home/greyflon/lab_2025/src/cv_basics': PYTHONPATH=/home/greyflon/lab_2025/build/cv_basics/prefix_override:/usr/lib/python3/dist-packages/colcon_core/task/python/colcon_distutils_commands:/home/greyflon/lab_2025/install/cv_basics/lib/python3.10/site-packages:${PYTHONPATH} /usr/bin/python3 -W ignore:setup.py install is deprecated -W ignore:easy_install command is deprecated setup.py egg_info --egg-base ../../build/cv_basics build --build-base /home/greyflon/lab_2025/build/cv_basics/build install --record /home/greyflon/lab_2025/build/cv_basics/install.log --single-version-externally-managed install_data
[2.117s] running egg_info
[2.119s] writing ../../build/cv_basics/cv_basics.egg-info/PKG-INFO
[2.120s] writing dependency_links to ../../build/cv_basics/cv_basics.egg-info/dependency_links.txt
[2.120s] writing entry points to ../../build/cv_basics/cv_basics.egg-info/entry_points.txt
[2.120s] writing requirements to ../../build/cv_basics/cv_basics.egg-info/requires.txt
[2.121s] writing top-level names to ../../build/cv_basics/cv_basics.egg-info/top_level.txt
[2.121s] reading manifest file '../../build/cv_basics/cv_basics.egg-info/SOURCES.txt'
[2.127s] writing manifest file '../../build/cv_basics/cv_basics.egg-info/SOURCES.txt'
[2.127s] running build
[2.127s] running build_py
[2.138s] running install
[2.138s] running install_lib
[2.138s] running install_data
[2.139s] running install_egg_info
[2.139s] removing '/home/greyflon/lab_2025/install/cv_basics/lib/python3.10/site-packages/cv_basics-0.0.0-py3.10.egg-info' (and everything under it)
[2.139s] Copying ../../build/cv_basics/cv_basics.egg-info to /home/greyflon/lab_2025/install/cv_basics/lib/python3.10/site-packages/cv_basics-0.0.0-py3.10.egg-info
[2.140s] running install_scripts
[2.159s] Installing inference_yolo_node script to /home/greyflon/lab_2025/install/cv_basics/lib/cv_basics
[2.159s] Installing module_ROS script to /home/greyflon/lab_2025/install/cv_basics/lib/cv_basics
[2.159s] Installing service script to /home/greyflon/lab_2025/install/cv_basics/lib/cv_basics
[2.159s] writing list of installed files to '/home/greyflon/lab_2025/build/cv_basics/install.log'
[2.184s] Invoked command in '/home/greyflon/lab_2025/src/cv_basics' returned '0': PYTHONPATH=/home/greyflon/lab_2025/build/cv_basics/prefix_override:/usr/lib/python3/dist-packages/colcon_core/task/python/colcon_distutils_commands:/home/greyflon/lab_2025/install/cv_basics/lib/python3.10/site-packages:${PYTHONPATH} /usr/bin/python3 -W ignore:setup.py install is deprecated -W ignore:easy_install command is deprecated setup.py egg_info --egg-base ../../build/cv_basics build --build-base /home/greyflon/lab_2025/build/cv_basics/build install --record /home/greyflon/lab_2025/build/cv_basics/install.log --single-version-externally-managed install_data
