[0.294s] Invoking command in '/workspace/lab_2025/src/slam_with_filter': PYTHONPATH=/workspace/lab_2025/src/slam_with_filter/build/slam_with_filter/prefix_override:/usr/lib/python3/dist-packages/colcon_core/task/python/colcon_distutils_commands:/workspace/lab_2025/src/slam_with_filter/install/slam_with_filter/lib/python3.10/site-packages:${PYTHONPATH} /usr/bin/python3 -W ignore:setup.py install is deprecated -W ignore:easy_install command is deprecated setup.py egg_info --egg-base build/slam_with_filter build --build-base /workspace/lab_2025/src/slam_with_filter/build/slam_with_filter/build install --record /workspace/lab_2025/src/slam_with_filter/build/slam_with_filter/install.log --single-version-externally-managed install_data
[0.404s] running egg_info
[0.404s] writing build/slam_with_filter/slam_with_filter.egg-info/PKG-INFO
[0.404s] writing dependency_links to build/slam_with_filter/slam_with_filter.egg-info/dependency_links.txt
[0.404s] writing entry points to build/slam_with_filter/slam_with_filter.egg-info/entry_points.txt
[0.404s] writing requirements to build/slam_with_filter/slam_with_filter.egg-info/requires.txt
[0.404s] writing top-level names to build/slam_with_filter/slam_with_filter.egg-info/top_level.txt
[0.405s] reading manifest file 'build/slam_with_filter/slam_with_filter.egg-info/SOURCES.txt'
[0.406s] writing manifest file 'build/slam_with_filter/slam_with_filter.egg-info/SOURCES.txt'
[0.406s] running build
[0.406s] running build_py
[0.406s] running install
[0.406s] running install_lib
[0.407s] running install_data
[0.407s] copying launch/slam.launch.py -> /workspace/lab_2025/src/slam_with_filter/install/slam_with_filter/share/slam_with_filter/launch
[0.407s] running install_egg_info
[0.408s] removing '/workspace/lab_2025/src/slam_with_filter/install/slam_with_filter/lib/python3.10/site-packages/slam_with_filter-0.0.0-py3.10.egg-info' (and everything under it)
[0.408s] Copying build/slam_with_filter/slam_with_filter.egg-info to /workspace/lab_2025/src/slam_with_filter/install/slam_with_filter/lib/python3.10/site-packages/slam_with_filter-0.0.0-py3.10.egg-info
[0.408s] running install_scripts
[0.419s] Installing camera_rotator script to /workspace/lab_2025/src/slam_with_filter/install/slam_with_filter/lib/slam_with_filter
[0.420s] writing list of installed files to '/workspace/lab_2025/src/slam_with_filter/build/slam_with_filter/install.log'
[0.432s] Invoked command in '/workspace/lab_2025/src/slam_with_filter' returned '0': PYTHONPATH=/workspace/lab_2025/src/slam_with_filter/build/slam_with_filter/prefix_override:/usr/lib/python3/dist-packages/colcon_core/task/python/colcon_distutils_commands:/workspace/lab_2025/src/slam_with_filter/install/slam_with_filter/lib/python3.10/site-packages:${PYTHONPATH} /usr/bin/python3 -W ignore:setup.py install is deprecated -W ignore:easy_install command is deprecated setup.py egg_info --egg-base build/slam_with_filter build --build-base /workspace/lab_2025/src/slam_with_filter/build/slam_with_filter/build install --record /workspace/lab_2025/src/slam_with_filter/build/slam_with_filter/install.log --single-version-externally-managed install_data
