[0.699s] Invoking command in '/home/greyflon/lab_2025/src/cv_basics': PYTHONPATH=/home/greyflon/lab_2025/build/cv_basics/prefix_override:/usr/lib/python3/dist-packages/colcon_core/task/python/colcon_distutils_commands:/home/greyflon/lab_2025/install/cv_basics/lib/python3.10/site-packages:${PYTHONPATH} /usr/bin/python3 -W ignore:setup.py install is deprecated -W ignore:easy_install command is deprecated setup.py egg_info --egg-base ../../build/cv_basics build --build-base /home/greyflon/lab_2025/build/cv_basics/build install --record /home/greyflon/lab_2025/build/cv_basics/install.log --single-version-externally-managed install_data
[0.951s] running egg_info
[0.952s] creating ../../build/cv_basics/cv_basics.egg-info
[0.952s] writing ../../build/cv_basics/cv_basics.egg-info/PKG-INFO
[0.952s] writing dependency_links to ../../build/cv_basics/cv_basics.egg-info/dependency_links.txt
[0.952s] writing entry points to ../../build/cv_basics/cv_basics.egg-info/entry_points.txt
[0.952s] writing requirements to ../../build/cv_basics/cv_basics.egg-info/requires.txt
[0.953s] writing top-level names to ../../build/cv_basics/cv_basics.egg-info/top_level.txt
[0.953s] writing manifest file '../../build/cv_basics/cv_basics.egg-info/SOURCES.txt'
[0.954s] reading manifest file '../../build/cv_basics/cv_basics.egg-info/SOURCES.txt'
[0.954s] writing manifest file '../../build/cv_basics/cv_basics.egg-info/SOURCES.txt'
[0.955s] running build
[0.955s] running build_py
[0.955s] creating /home/greyflon/lab_2025/build/cv_basics/build
[0.955s] creating /home/greyflon/lab_2025/build/cv_basics/build/lib
[0.955s] creating /home/greyflon/lab_2025/build/cv_basics/build/lib/cv_basics
[0.956s] copying cv_basics/service.py -> /home/greyflon/lab_2025/build/cv_basics/build/lib/cv_basics
[0.956s] copying cv_basics/inference_pytorch_background.py -> /home/greyflon/lab_2025/build/cv_basics/build/lib/cv_basics
[0.956s] copying cv_basics/module_ROS.py -> /home/greyflon/lab_2025/build/cv_basics/build/lib/cv_basics
[0.956s] copying cv_basics/__init__.py -> /home/greyflon/lab_2025/build/cv_basics/build/lib/cv_basics
[0.956s] running install
[0.957s] running install_lib
[0.957s] creating /home/greyflon/lab_2025/install/cv_basics/lib/python3.10/site-packages/cv_basics
[0.957s] copying /home/greyflon/lab_2025/build/cv_basics/build/lib/cv_basics/service.py -> /home/greyflon/lab_2025/install/cv_basics/lib/python3.10/site-packages/cv_basics
[0.958s] copying /home/greyflon/lab_2025/build/cv_basics/build/lib/cv_basics/inference_pytorch_background.py -> /home/greyflon/lab_2025/install/cv_basics/lib/python3.10/site-packages/cv_basics
[0.958s] copying /home/greyflon/lab_2025/build/cv_basics/build/lib/cv_basics/module_ROS.py -> /home/greyflon/lab_2025/install/cv_basics/lib/python3.10/site-packages/cv_basics
[0.958s] copying /home/greyflon/lab_2025/build/cv_basics/build/lib/cv_basics/__init__.py -> /home/greyflon/lab_2025/install/cv_basics/lib/python3.10/site-packages/cv_basics
[0.958s] byte-compiling /home/greyflon/lab_2025/install/cv_basics/lib/python3.10/site-packages/cv_basics/service.py to service.cpython-310.pyc
[0.959s] byte-compiling /home/greyflon/lab_2025/install/cv_basics/lib/python3.10/site-packages/cv_basics/inference_pytorch_background.py to inference_pytorch_background.cpython-310.pyc
[0.959s] byte-compiling /home/greyflon/lab_2025/install/cv_basics/lib/python3.10/site-packages/cv_basics/module_ROS.py to module_ROS.cpython-310.pyc
[0.960s] byte-compiling /home/greyflon/lab_2025/install/cv_basics/lib/python3.10/site-packages/cv_basics/__init__.py to __init__.cpython-310.pyc
[0.960s] running install_data
[0.960s] creating /home/greyflon/lab_2025/install/cv_basics/share/ament_index
[0.961s] creating /home/greyflon/lab_2025/install/cv_basics/share/ament_index/resource_index
[0.961s] creating /home/greyflon/lab_2025/install/cv_basics/share/ament_index/resource_index/packages
[0.961s] copying resource/cv_basics -> /home/greyflon/lab_2025/install/cv_basics/share/ament_index/resource_index/packages
[0.961s] copying package.xml -> /home/greyflon/lab_2025/install/cv_basics/share/cv_basics
[0.961s] creating /home/greyflon/lab_2025/install/cv_basics/share/cv_basics/data
[0.962s] copying data/веса_в_эту_папку.txt -> /home/greyflon/lab_2025/install/cv_basics/share/cv_basics/data
[0.962s] running install_egg_info
[0.962s] Copying ../../build/cv_basics/cv_basics.egg-info to /home/greyflon/lab_2025/install/cv_basics/lib/python3.10/site-packages/cv_basics-0.0.0-py3.10.egg-info
[0.963s] running install_scripts
[0.983s] Installing inference_yolo_node script to /home/greyflon/lab_2025/install/cv_basics/lib/cv_basics
[0.983s] Installing module_ROS script to /home/greyflon/lab_2025/install/cv_basics/lib/cv_basics
[0.983s] Installing service script to /home/greyflon/lab_2025/install/cv_basics/lib/cv_basics
[0.983s] writing list of installed files to '/home/greyflon/lab_2025/build/cv_basics/install.log'
[1.010s] Invoked command in '/home/greyflon/lab_2025/src/cv_basics' returned '0': PYTHONPATH=/home/greyflon/lab_2025/build/cv_basics/prefix_override:/usr/lib/python3/dist-packages/colcon_core/task/python/colcon_distutils_commands:/home/greyflon/lab_2025/install/cv_basics/lib/python3.10/site-packages:${PYTHONPATH} /usr/bin/python3 -W ignore:setup.py install is deprecated -W ignore:easy_install command is deprecated setup.py egg_info --egg-base ../../build/cv_basics build --build-base /home/greyflon/lab_2025/build/cv_basics/build install --record /home/greyflon/lab_2025/build/cv_basics/install.log --single-version-externally-managed install_data
