[0.783s] DEBUG:colcon:Command line arguments: ['/usr/bin/colcon', 'build']
[0.783s] DEBUG:colcon:Parsed command line arguments: Namespace(log_base=None, log_level=None, verb_name='build', build_base='build', install_base='install', merge_install=False, symlink_install=False, test_result_base=None, continue_on_error=False, executor='parallel', parallel_workers=12, event_handlers=None, ignore_user_meta=False, metas=['./colcon.meta'], base_paths=['.'], packages_ignore=None, packages_ignore_regex=None, paths=None, packages_up_to=None, packages_up_to_regex=None, packages_above=None, packages_above_and_dependencies=None, packages_above_depth=None, packages_select_by_dep=None, packages_skip_by_dep=None, packages_skip_up_to=None, packages_select_build_failed=False, packages_skip_build_finished=False, packages_select_test_failures=False, packages_skip_test_passed=False, packages_select=None, packages_skip=None, packages_select_regex=None, packages_skip_regex=None, packages_start=None, packages_end=None, allow_overriding=[], cmake_args=None, cmake_target=None, cmake_target_skip_unavailable=False, cmake_clean_cache=False, cmake_clean_first=False, cmake_force_configure=False, ament_cmake_args=None, catkin_cmake_args=None, catkin_skip_building_tests=False, mixin_files=None, mixin=None, verb_parser=<colcon_mixin.mixin.mixin_argument.MixinArgumentDecorator object at 0x7f03e3176710>, verb_extension=<colcon_core.verb.build.BuildVerb object at 0x7f03e3176110>, main=<bound method BuildVerb.main of <colcon_core.verb.build.BuildVerb object at 0x7f03e3176110>>, mixin_verb=('build',))
[7.957s] Level 1:colcon.colcon_core.package_discovery:discover_packages(colcon_meta) check parameters
[7.958s] Level 1:colcon.colcon_core.package_discovery:discover_packages(recursive) check parameters
[7.958s] Level 1:colcon.colcon_core.package_discovery:discover_packages(ignore) check parameters
[7.958s] Level 1:colcon.colcon_core.package_discovery:discover_packages(path) check parameters
[7.958s] Level 1:colcon.colcon_core.package_discovery:discover_packages(colcon_meta) discover
[7.958s] Level 1:colcon.colcon_core.package_discovery:discover_packages(recursive) discover
[7.958s] INFO:colcon.colcon_core.package_discovery:Crawling recursively for packages in '/home/greyflon/lab_2025'
[7.958s] Level 1:colcon.colcon_core.package_identification:_identify(.) by extensions ['ignore', 'ignore_ament_install']
[7.959s] Level 1:colcon.colcon_core.package_identification:_identify(.) by extension 'ignore'
[7.959s] Level 1:colcon.colcon_core.package_identification:_identify(.) by extension 'ignore_ament_install'
[7.959s] Level 1:colcon.colcon_core.package_identification:_identify(.) by extensions ['colcon_pkg']
[7.959s] Level 1:colcon.colcon_core.package_identification:_identify(.) by extension 'colcon_pkg'
[7.959s] Level 1:colcon.colcon_core.package_identification:_identify(.) by extensions ['colcon_meta']
[7.959s] Level 1:colcon.colcon_core.package_identification:_identify(.) by extension 'colcon_meta'
[7.959s] Level 1:colcon.colcon_core.package_identification:_identify(.) by extensions ['ros']
[7.959s] Level 1:colcon.colcon_core.package_identification:_identify(.) by extension 'ros'
[7.985s] Level 1:colcon.colcon_core.package_identification:_identify(.) by extensions ['cmake', 'python']
[7.985s] Level 1:colcon.colcon_core.package_identification:_identify(.) by extension 'cmake'
[7.985s] Level 1:colcon.colcon_core.package_identification:_identify(.) by extension 'python'
[7.985s] Level 1:colcon.colcon_core.package_identification:_identify(.) by extensions ['python_setup_py']
[7.985s] Level 1:colcon.colcon_core.package_identification:_identify(.) by extension 'python_setup_py'
[7.986s] Level 1:colcon.colcon_core.package_identification:_identify(build) by extensions ['ignore', 'ignore_ament_install']
[7.986s] Level 1:colcon.colcon_core.package_identification:_identify(build) by extension 'ignore'
[7.986s] Level 1:colcon.colcon_core.package_identification:_identify(build) ignored
[7.986s] Level 1:colcon.colcon_core.package_identification:_identify(docker) by extensions ['ignore', 'ignore_ament_install']
[7.986s] Level 1:colcon.colcon_core.package_identification:_identify(docker) by extension 'ignore'
[7.987s] Level 1:colcon.colcon_core.package_identification:_identify(docker) by extension 'ignore_ament_install'
[7.987s] Level 1:colcon.colcon_core.package_identification:_identify(docker) by extensions ['colcon_pkg']
[7.987s] Level 1:colcon.colcon_core.package_identification:_identify(docker) by extension 'colcon_pkg'
[7.987s] Level 1:colcon.colcon_core.package_identification:_identify(docker) by extensions ['colcon_meta']
[7.987s] Level 1:colcon.colcon_core.package_identification:_identify(docker) by extension 'colcon_meta'
[7.987s] Level 1:colcon.colcon_core.package_identification:_identify(docker) by extensions ['ros']
[7.987s] Level 1:colcon.colcon_core.package_identification:_identify(docker) by extension 'ros'
[7.987s] Level 1:colcon.colcon_core.package_identification:_identify(docker) by extensions ['cmake', 'python']
[7.988s] Level 1:colcon.colcon_core.package_identification:_identify(docker) by extension 'cmake'
[7.988s] Level 1:colcon.colcon_core.package_identification:_identify(docker) by extension 'python'
[7.988s] Level 1:colcon.colcon_core.package_identification:_identify(docker) by extensions ['python_setup_py']
[7.988s] Level 1:colcon.colcon_core.package_identification:_identify(docker) by extension 'python_setup_py'
[7.988s] Level 1:colcon.colcon_core.package_identification:_identify(example) by extensions ['ignore', 'ignore_ament_install']
[7.988s] Level 1:colcon.colcon_core.package_identification:_identify(example) by extension 'ignore'
[7.988s] Level 1:colcon.colcon_core.package_identification:_identify(example) by extension 'ignore_ament_install'
[7.989s] Level 1:colcon.colcon_core.package_identification:_identify(example) by extensions ['colcon_pkg']
[7.989s] Level 1:colcon.colcon_core.package_identification:_identify(example) by extension 'colcon_pkg'
[7.989s] Level 1:colcon.colcon_core.package_identification:_identify(example) by extensions ['colcon_meta']
[7.989s] Level 1:colcon.colcon_core.package_identification:_identify(example) by extension 'colcon_meta'
[7.989s] Level 1:colcon.colcon_core.package_identification:_identify(example) by extensions ['ros']
[7.989s] Level 1:colcon.colcon_core.package_identification:_identify(example) by extension 'ros'
[7.989s] Level 1:colcon.colcon_core.package_identification:_identify(example) by extensions ['cmake', 'python']
[7.989s] Level 1:colcon.colcon_core.package_identification:_identify(example) by extension 'cmake'
[7.989s] Level 1:colcon.colcon_core.package_identification:_identify(example) by extension 'python'
[7.990s] Level 1:colcon.colcon_core.package_identification:_identify(example) by extensions ['python_setup_py']
[7.990s] Level 1:colcon.colcon_core.package_identification:_identify(example) by extension 'python_setup_py'
[7.990s] Level 1:colcon.colcon_core.package_identification:_identify(install) by extensions ['ignore', 'ignore_ament_install']
[7.990s] Level 1:colcon.colcon_core.package_identification:_identify(install) by extension 'ignore'
[7.990s] Level 1:colcon.colcon_core.package_identification:_identify(install) ignored
[7.990s] Level 1:colcon.colcon_core.package_identification:_identify(log) by extensions ['ignore', 'ignore_ament_install']
[7.991s] Level 1:colcon.colcon_core.package_identification:_identify(log) by extension 'ignore'
[7.991s] Level 1:colcon.colcon_core.package_identification:_identify(log) ignored
[7.991s] Level 1:colcon.colcon_core.package_identification:_identify(src) by extensions ['ignore', 'ignore_ament_install']
[7.991s] Level 1:colcon.colcon_core.package_identification:_identify(src) by extension 'ignore'
[7.991s] Level 1:colcon.colcon_core.package_identification:_identify(src) by extension 'ignore_ament_install'
[7.991s] Level 1:colcon.colcon_core.package_identification:_identify(src) by extensions ['colcon_pkg']
[7.991s] Level 1:colcon.colcon_core.package_identification:_identify(src) by extension 'colcon_pkg'
[7.992s] Level 1:colcon.colcon_core.package_identification:_identify(src) by extensions ['colcon_meta']
[7.992s] Level 1:colcon.colcon_core.package_identification:_identify(src) by extension 'colcon_meta'
[7.992s] Level 1:colcon.colcon_core.package_identification:_identify(src) by extensions ['ros']
[7.992s] Level 1:colcon.colcon_core.package_identification:_identify(src) by extension 'ros'
[7.992s] Level 1:colcon.colcon_core.package_identification:_identify(src) by extensions ['cmake', 'python']
[7.992s] Level 1:colcon.colcon_core.package_identification:_identify(src) by extension 'cmake'
[7.992s] Level 1:colcon.colcon_core.package_identification:_identify(src) by extension 'python'
[7.992s] Level 1:colcon.colcon_core.package_identification:_identify(src) by extensions ['python_setup_py']
[7.992s] Level 1:colcon.colcon_core.package_identification:_identify(src) by extension 'python_setup_py'
[7.993s] Level 1:colcon.colcon_core.package_identification:_identify(src/cv_basics) by extensions ['ignore', 'ignore_ament_install']
[7.993s] Level 1:colcon.colcon_core.package_identification:_identify(src/cv_basics) by extension 'ignore'
[7.993s] Level 1:colcon.colcon_core.package_identification:_identify(src/cv_basics) by extension 'ignore_ament_install'
[7.993s] Level 1:colcon.colcon_core.package_identification:_identify(src/cv_basics) by extensions ['colcon_pkg']
[7.993s] Level 1:colcon.colcon_core.package_identification:_identify(src/cv_basics) by extension 'colcon_pkg'
[7.993s] Level 1:colcon.colcon_core.package_identification:_identify(src/cv_basics) by extensions ['colcon_meta']
[7.993s] Level 1:colcon.colcon_core.package_identification:_identify(src/cv_basics) by extension 'colcon_meta'
[7.994s] Level 1:colcon.colcon_core.package_identification:_identify(src/cv_basics) by extensions ['ros']
[7.994s] Level 1:colcon.colcon_core.package_identification:_identify(src/cv_basics) by extension 'ros'
[8.008s] DEBUG:colcon.colcon_core.package_identification:Package 'src/cv_basics' with type 'ros.ament_python' and name 'cv_basics'
[8.008s] Level 1:colcon.colcon_core.package_identification:_identify(src/two_wheeled_robot) by extensions ['ignore', 'ignore_ament_install']
[8.008s] Level 1:colcon.colcon_core.package_identification:_identify(src/two_wheeled_robot) by extension 'ignore'
[8.008s] Level 1:colcon.colcon_core.package_identification:_identify(src/two_wheeled_robot) by extension 'ignore_ament_install'
[8.008s] Level 1:colcon.colcon_core.package_identification:_identify(src/two_wheeled_robot) by extensions ['colcon_pkg']
[8.009s] Level 1:colcon.colcon_core.package_identification:_identify(src/two_wheeled_robot) by extension 'colcon_pkg'
[8.009s] Level 1:colcon.colcon_core.package_identification:_identify(src/two_wheeled_robot) by extensions ['colcon_meta']
[8.009s] Level 1:colcon.colcon_core.package_identification:_identify(src/two_wheeled_robot) by extension 'colcon_meta'
[8.009s] Level 1:colcon.colcon_core.package_identification:_identify(src/two_wheeled_robot) by extensions ['ros']
[8.009s] Level 1:colcon.colcon_core.package_identification:_identify(src/two_wheeled_robot) by extension 'ros'
[8.025s] DEBUG:colcon.colcon_core.package_identification:Package 'src/two_wheeled_robot' with type 'ros.ament_cmake' and name 'two_wheeled_robot'
[8.025s] Level 1:colcon.colcon_core.package_discovery:discover_packages(recursive) using defaults
[8.025s] Level 1:colcon.colcon_core.package_discovery:discover_packages(ignore) discover
[8.025s] Level 1:colcon.colcon_core.package_discovery:discover_packages(ignore) using defaults
[8.025s] Level 1:colcon.colcon_core.package_discovery:discover_packages(path) discover
[8.025s] Level 1:colcon.colcon_core.package_discovery:discover_packages(path) using defaults
[8.148s] Level 1:colcon.colcon_core.package_discovery:discover_packages(prefix_path) check parameters
[8.149s] Level 1:colcon.colcon_core.package_discovery:discover_packages(prefix_path) discover
[8.152s] DEBUG:colcon.colcon_installed_package_information.package_discovery:Found 2 installed packages in /home/greyflon/lab_2025/install
[8.154s] DEBUG:colcon.colcon_installed_package_information.package_discovery:Found 377 installed packages in /opt/ros/humble
[8.156s] Level 1:colcon.colcon_core.package_discovery:discover_packages(prefix_path) using defaults
[8.279s] Level 5:colcon.colcon_core.verb:set package 'cv_basics' build argument 'cmake_args' from command line to 'None'
[8.279s] Level 5:colcon.colcon_core.verb:set package 'cv_basics' build argument 'cmake_target' from command line to 'None'
[8.279s] Level 5:colcon.colcon_core.verb:set package 'cv_basics' build argument 'cmake_target_skip_unavailable' from command line to 'False'
[8.279s] Level 5:colcon.colcon_core.verb:set package 'cv_basics' build argument 'cmake_clean_cache' from command line to 'False'
[8.279s] Level 5:colcon.colcon_core.verb:set package 'cv_basics' build argument 'cmake_clean_first' from command line to 'False'
[8.279s] Level 5:colcon.colcon_core.verb:set package 'cv_basics' build argument 'cmake_force_configure' from command line to 'False'
[8.279s] Level 5:colcon.colcon_core.verb:set package 'cv_basics' build argument 'ament_cmake_args' from command line to 'None'
[8.279s] Level 5:colcon.colcon_core.verb:set package 'cv_basics' build argument 'catkin_cmake_args' from command line to 'None'
[8.279s] Level 5:colcon.colcon_core.verb:set package 'cv_basics' build argument 'catkin_skip_building_tests' from command line to 'False'
[8.279s] DEBUG:colcon.colcon_core.verb:Building package 'cv_basics' with the following arguments: {'ament_cmake_args': None, 'build_base': '/home/greyflon/lab_2025/build/cv_basics', 'catkin_cmake_args': None, 'catkin_skip_building_tests': False, 'cmake_args': None, 'cmake_clean_cache': False, 'cmake_clean_first': False, 'cmake_force_configure': False, 'cmake_target': None, 'cmake_target_skip_unavailable': False, 'install_base': '/home/greyflon/lab_2025/install/cv_basics', 'merge_install': False, 'path': '/home/greyflon/lab_2025/src/cv_basics', 'symlink_install': False, 'test_result_base': None}
[8.279s] Level 5:colcon.colcon_core.verb:set package 'two_wheeled_robot' build argument 'cmake_args' from command line to 'None'
[8.279s] Level 5:colcon.colcon_core.verb:set package 'two_wheeled_robot' build argument 'cmake_target' from command line to 'None'
[8.279s] Level 5:colcon.colcon_core.verb:set package 'two_wheeled_robot' build argument 'cmake_target_skip_unavailable' from command line to 'False'
[8.279s] Level 5:colcon.colcon_core.verb:set package 'two_wheeled_robot' build argument 'cmake_clean_cache' from command line to 'False'
[8.279s] Level 5:colcon.colcon_core.verb:set package 'two_wheeled_robot' build argument 'cmake_clean_first' from command line to 'False'
[8.279s] Level 5:colcon.colcon_core.verb:set package 'two_wheeled_robot' build argument 'cmake_force_configure' from command line to 'False'
[8.279s] Level 5:colcon.colcon_core.verb:set package 'two_wheeled_robot' build argument 'ament_cmake_args' from command line to 'None'
[8.280s] Level 5:colcon.colcon_core.verb:set package 'two_wheeled_robot' build argument 'catkin_cmake_args' from command line to 'None'
[8.280s] Level 5:colcon.colcon_core.verb:set package 'two_wheeled_robot' build argument 'catkin_skip_building_tests' from command line to 'False'
[8.280s] DEBUG:colcon.colcon_core.verb:Building package 'two_wheeled_robot' with the following arguments: {'ament_cmake_args': None, 'build_base': '/home/greyflon/lab_2025/build/two_wheeled_robot', 'catkin_cmake_args': None, 'catkin_skip_building_tests': False, 'cmake_args': None, 'cmake_clean_cache': False, 'cmake_clean_first': False, 'cmake_force_configure': False, 'cmake_target': None, 'cmake_target_skip_unavailable': False, 'install_base': '/home/greyflon/lab_2025/install/two_wheeled_robot', 'merge_install': False, 'path': '/home/greyflon/lab_2025/src/two_wheeled_robot', 'symlink_install': False, 'test_result_base': None}
[8.280s] INFO:colcon.colcon_core.executor:Executing jobs using 'parallel' executor
[8.281s] DEBUG:colcon.colcon_parallel_executor.executor.parallel:run_until_complete
[8.281s] INFO:colcon.colcon_ros.task.ament_python.build:Building ROS package in '/home/greyflon/lab_2025/src/cv_basics' with build type 'ament_python'
[8.281s] Level 1:colcon.colcon_core.shell:create_environment_hook('cv_basics', 'ament_prefix_path')
[8.292s] INFO:colcon.colcon_core.plugin_system:Skipping extension 'colcon_core.shell.bat': Not used on non-Windows systems
[8.292s] INFO:colcon.colcon_core.shell:Creating environment hook '/home/greyflon/lab_2025/install/cv_basics/share/cv_basics/hook/ament_prefix_path.ps1'
[8.293s] INFO:colcon.colcon_core.shell:Creating environment descriptor '/home/greyflon/lab_2025/install/cv_basics/share/cv_basics/hook/ament_prefix_path.dsv'
[8.311s] INFO:colcon.colcon_core.shell:Creating environment hook '/home/greyflon/lab_2025/install/cv_basics/share/cv_basics/hook/ament_prefix_path.sh'
[8.320s] INFO:colcon.colcon_core.shell:Skip shell extension 'powershell' for command environment: Not usable outside of PowerShell
[8.320s] DEBUG:colcon.colcon_core.shell:Skip shell extension 'dsv' for command environment
[8.341s] INFO:colcon.colcon_ros.task.ament_cmake.build:Building ROS package in '/home/greyflon/lab_2025/src/two_wheeled_robot' with build type 'ament_cmake'
[8.342s] INFO:colcon.colcon_cmake.task.cmake.build:Building CMake package in '/home/greyflon/lab_2025/src/two_wheeled_robot'
[8.342s] INFO:colcon.colcon_core.shell:Skip shell extension 'powershell' for command environment: Not usable outside of PowerShell
[8.342s] DEBUG:colcon.colcon_core.shell:Skip shell extension 'dsv' for command environment
[8.812s] INFO:colcon.colcon_core.task.python.build:Building Python package in '/home/greyflon/lab_2025/src/cv_basics'
[8.812s] INFO:colcon.colcon_core.shell:Skip shell extension 'powershell' for command environment: Not usable outside of PowerShell
[8.812s] DEBUG:colcon.colcon_core.shell:Skip shell extension 'dsv' for command environment
[9.127s] DEBUG:colcon.colcon_core.event_handler.log_command:Invoking command in '/home/greyflon/lab_2025/build/two_wheeled_robot': CMAKE_PREFIX_PATH=${CMAKE_PREFIX_PATH}:/home/greyflon/lab_2025/install/cv_basics:/opt/ros/humble /usr/bin/cmake --build /home/greyflon/lab_2025/build/two_wheeled_robot -- -j12 -l12
[9.678s] DEBUG:colcon.colcon_core.event_handler.log_command:Invoked command in '/home/greyflon/lab_2025/build/two_wheeled_robot' returned '0': CMAKE_PREFIX_PATH=${CMAKE_PREFIX_PATH}:/home/greyflon/lab_2025/install/cv_basics:/opt/ros/humble /usr/bin/cmake --build /home/greyflon/lab_2025/build/two_wheeled_robot -- -j12 -l12
[9.693s] DEBUG:colcon.colcon_core.event_handler.log_command:Invoking command in '/home/greyflon/lab_2025/build/two_wheeled_robot': CMAKE_PREFIX_PATH=${CMAKE_PREFIX_PATH}:/home/greyflon/lab_2025/install/cv_basics:/opt/ros/humble /usr/bin/cmake --install /home/greyflon/lab_2025/build/two_wheeled_robot
[10.343s] DEBUG:colcon.colcon_core.event_handler.log_command:Invoking command in '/home/greyflon/lab_2025/src/cv_basics': PYTHONPATH=/home/greyflon/lab_2025/build/cv_basics/prefix_override:/usr/lib/python3/dist-packages/colcon_core/task/python/colcon_distutils_commands:/home/greyflon/lab_2025/install/cv_basics/lib/python3.10/site-packages:${PYTHONPATH} /usr/bin/python3 -W ignore:setup.py install is deprecated -W ignore:easy_install command is deprecated setup.py egg_info --egg-base ../../build/cv_basics build --build-base /home/greyflon/lab_2025/build/cv_basics/build install --record /home/greyflon/lab_2025/build/cv_basics/install.log --single-version-externally-managed install_data
[10.441s] Level 1:colcon.colcon_core.environment:create_environment_scripts_only(two_wheeled_robot)
[10.441s] DEBUG:colcon.colcon_core.event_handler.log_command:Invoked command in '/home/greyflon/lab_2025/build/two_wheeled_robot' returned '0': CMAKE_PREFIX_PATH=${CMAKE_PREFIX_PATH}:/home/greyflon/lab_2025/install/cv_basics:/opt/ros/humble /usr/bin/cmake --install /home/greyflon/lab_2025/build/two_wheeled_robot
[10.461s] Level 1:colcon.colcon_core.environment:checking '/home/greyflon/lab_2025/install/two_wheeled_robot' for CMake module files
[10.462s] Level 1:colcon.colcon_core.environment:checking '/home/greyflon/lab_2025/install/two_wheeled_robot' for CMake config files
[10.491s] Level 1:colcon.colcon_core.shell:create_environment_hook('two_wheeled_robot', 'cmake_prefix_path')
[10.491s] INFO:colcon.colcon_core.shell:Creating environment hook '/home/greyflon/lab_2025/install/two_wheeled_robot/share/two_wheeled_robot/hook/cmake_prefix_path.ps1'
[10.492s] INFO:colcon.colcon_core.shell:Creating environment descriptor '/home/greyflon/lab_2025/install/two_wheeled_robot/share/two_wheeled_robot/hook/cmake_prefix_path.dsv'
[10.492s] INFO:colcon.colcon_core.shell:Creating environment hook '/home/greyflon/lab_2025/install/two_wheeled_robot/share/two_wheeled_robot/hook/cmake_prefix_path.sh'
[10.493s] Level 1:colcon.colcon_core.environment:checking '/home/greyflon/lab_2025/install/two_wheeled_robot/bin'
[10.493s] Level 1:colcon.colcon_core.environment:checking '/home/greyflon/lab_2025/install/two_wheeled_robot/lib/pkgconfig/two_wheeled_robot.pc'
[10.493s] Level 1:colcon.colcon_core.environment:checking '/home/greyflon/lab_2025/install/two_wheeled_robot/lib/python3.10/site-packages'
[10.493s] Level 1:colcon.colcon_core.environment:checking '/home/greyflon/lab_2025/install/two_wheeled_robot/bin'
[10.493s] INFO:colcon.colcon_core.shell:Creating package script '/home/greyflon/lab_2025/install/two_wheeled_robot/share/two_wheeled_robot/package.ps1'
[10.494s] INFO:colcon.colcon_core.shell:Creating package descriptor '/home/greyflon/lab_2025/install/two_wheeled_robot/share/two_wheeled_robot/package.dsv'
[10.495s] INFO:colcon.colcon_core.shell:Creating package script '/home/greyflon/lab_2025/install/two_wheeled_robot/share/two_wheeled_robot/package.sh'
[10.496s] INFO:colcon.colcon_core.shell:Creating package script '/home/greyflon/lab_2025/install/two_wheeled_robot/share/two_wheeled_robot/package.bash'
[10.503s] INFO:colcon.colcon_core.shell:Creating package script '/home/greyflon/lab_2025/install/two_wheeled_robot/share/two_wheeled_robot/package.zsh'
[10.531s] Level 1:colcon.colcon_core.environment:create_file_with_runtime_dependencies(/home/greyflon/lab_2025/install/two_wheeled_robot/share/colcon-core/packages/two_wheeled_robot)
[10.532s] Level 1:colcon.colcon_core.environment:create_environment_scripts_only(two_wheeled_robot)
[10.532s] Level 1:colcon.colcon_core.environment:checking '/home/greyflon/lab_2025/install/two_wheeled_robot' for CMake module files
[10.533s] Level 1:colcon.colcon_core.environment:checking '/home/greyflon/lab_2025/install/two_wheeled_robot' for CMake config files
[10.552s] Level 1:colcon.colcon_core.shell:create_environment_hook('two_wheeled_robot', 'cmake_prefix_path')
[10.553s] INFO:colcon.colcon_core.shell:Creating environment hook '/home/greyflon/lab_2025/install/two_wheeled_robot/share/two_wheeled_robot/hook/cmake_prefix_path.ps1'
[10.553s] INFO:colcon.colcon_core.shell:Creating environment descriptor '/home/greyflon/lab_2025/install/two_wheeled_robot/share/two_wheeled_robot/hook/cmake_prefix_path.dsv'
[10.554s] INFO:colcon.colcon_core.shell:Creating environment hook '/home/greyflon/lab_2025/install/two_wheeled_robot/share/two_wheeled_robot/hook/cmake_prefix_path.sh'
[10.554s] Level 1:colcon.colcon_core.environment:checking '/home/greyflon/lab_2025/install/two_wheeled_robot/bin'
[10.554s] Level 1:colcon.colcon_core.environment:checking '/home/greyflon/lab_2025/install/two_wheeled_robot/lib/pkgconfig/two_wheeled_robot.pc'
[10.555s] Level 1:colcon.colcon_core.environment:checking '/home/greyflon/lab_2025/install/two_wheeled_robot/lib/python3.10/site-packages'
[10.555s] Level 1:colcon.colcon_core.environment:checking '/home/greyflon/lab_2025/install/two_wheeled_robot/bin'
[10.555s] INFO:colcon.colcon_core.shell:Creating package script '/home/greyflon/lab_2025/install/two_wheeled_robot/share/two_wheeled_robot/package.ps1'
[10.556s] INFO:colcon.colcon_core.shell:Creating package descriptor '/home/greyflon/lab_2025/install/two_wheeled_robot/share/two_wheeled_robot/package.dsv'
[10.556s] INFO:colcon.colcon_core.shell:Creating package script '/home/greyflon/lab_2025/install/two_wheeled_robot/share/two_wheeled_robot/package.sh'
[10.556s] INFO:colcon.colcon_core.shell:Creating package script '/home/greyflon/lab_2025/install/two_wheeled_robot/share/two_wheeled_robot/package.bash'
[10.557s] INFO:colcon.colcon_core.shell:Creating package script '/home/greyflon/lab_2025/install/two_wheeled_robot/share/two_wheeled_robot/package.zsh'
[10.557s] Level 1:colcon.colcon_core.environment:create_file_with_runtime_dependencies(/home/greyflon/lab_2025/install/two_wheeled_robot/share/colcon-core/packages/two_wheeled_robot)
[10.694s] Level 1:colcon.colcon_core.environment:checking '/home/greyflon/lab_2025/install/cv_basics' for CMake module files
[10.695s] DEBUG:colcon.colcon_core.event_handler.log_command:Invoked command in '/home/greyflon/lab_2025/src/cv_basics' returned '0': PYTHONPATH=/home/greyflon/lab_2025/build/cv_basics/prefix_override:/usr/lib/python3/dist-packages/colcon_core/task/python/colcon_distutils_commands:/home/greyflon/lab_2025/install/cv_basics/lib/python3.10/site-packages:${PYTHONPATH} /usr/bin/python3 -W ignore:setup.py install is deprecated -W ignore:easy_install command is deprecated setup.py egg_info --egg-base ../../build/cv_basics build --build-base /home/greyflon/lab_2025/build/cv_basics/build install --record /home/greyflon/lab_2025/build/cv_basics/install.log --single-version-externally-managed install_data
[10.695s] Level 1:colcon.colcon_core.environment:checking '/home/greyflon/lab_2025/install/cv_basics' for CMake config files
[10.696s] Level 1:colcon.colcon_core.environment:checking '/home/greyflon/lab_2025/install/cv_basics/lib'
[10.696s] Level 1:colcon.colcon_core.environment:checking '/home/greyflon/lab_2025/install/cv_basics/bin'
[10.696s] Level 1:colcon.colcon_core.environment:checking '/home/greyflon/lab_2025/install/cv_basics/lib/pkgconfig/cv_basics.pc'
[10.696s] Level 1:colcon.colcon_core.environment:checking '/home/greyflon/lab_2025/install/cv_basics/lib/python3.10/site-packages'
[10.696s] Level 1:colcon.colcon_core.shell:create_environment_hook('cv_basics', 'pythonpath')
[10.697s] INFO:colcon.colcon_core.shell:Creating environment hook '/home/greyflon/lab_2025/install/cv_basics/share/cv_basics/hook/pythonpath.ps1'
[10.697s] INFO:colcon.colcon_core.shell:Creating environment descriptor '/home/greyflon/lab_2025/install/cv_basics/share/cv_basics/hook/pythonpath.dsv'
[10.697s] INFO:colcon.colcon_core.shell:Creating environment hook '/home/greyflon/lab_2025/install/cv_basics/share/cv_basics/hook/pythonpath.sh'
[10.698s] Level 1:colcon.colcon_core.environment:checking '/home/greyflon/lab_2025/install/cv_basics/bin'
[10.698s] Level 1:colcon.colcon_core.environment:create_environment_scripts_only(cv_basics)
[10.698s] INFO:colcon.colcon_core.shell:Creating package script '/home/greyflon/lab_2025/install/cv_basics/share/cv_basics/package.ps1'
[10.699s] INFO:colcon.colcon_core.shell:Creating package descriptor '/home/greyflon/lab_2025/install/cv_basics/share/cv_basics/package.dsv'
[10.699s] INFO:colcon.colcon_core.shell:Creating package script '/home/greyflon/lab_2025/install/cv_basics/share/cv_basics/package.sh'
[10.699s] INFO:colcon.colcon_core.shell:Creating package script '/home/greyflon/lab_2025/install/cv_basics/share/cv_basics/package.bash'
[10.700s] INFO:colcon.colcon_core.shell:Creating package script '/home/greyflon/lab_2025/install/cv_basics/share/cv_basics/package.zsh'
[10.700s] Level 1:colcon.colcon_core.environment:create_file_with_runtime_dependencies(/home/greyflon/lab_2025/install/cv_basics/share/colcon-core/packages/cv_basics)
[10.700s] DEBUG:colcon.colcon_parallel_executor.executor.parallel:closing loop
[10.701s] DEBUG:colcon.colcon_parallel_executor.executor.parallel:loop closed
[10.701s] DEBUG:colcon.colcon_parallel_executor.executor.parallel:run_until_complete finished with '0'
[10.701s] DEBUG:colcon.colcon_core.event_reactor:joining thread
[10.715s] INFO:colcon.colcon_core.plugin_system:Skipping extension 'colcon_notification.desktop_notification.terminal_notifier': Not used on non-Darwin systems
[10.715s] INFO:colcon.colcon_core.plugin_system:Skipping extension 'colcon_notification.desktop_notification.win32': Not used on non-Windows systems
[10.715s] INFO:colcon.colcon_notification.desktop_notification:Sending desktop notification using 'notify2'
[10.743s] DEBUG:colcon.colcon_core.event_reactor:joined thread
[10.744s] INFO:colcon.colcon_core.shell:Creating prefix script '/home/greyflon/lab_2025/install/local_setup.ps1'
[10.745s] INFO:colcon.colcon_core.shell:Creating prefix util module '/home/greyflon/lab_2025/install/_local_setup_util_ps1.py'
[10.748s] INFO:colcon.colcon_core.shell:Creating prefix chain script '/home/greyflon/lab_2025/install/setup.ps1'
[10.749s] INFO:colcon.colcon_core.shell:Creating prefix script '/home/greyflon/lab_2025/install/local_setup.sh'
[10.750s] INFO:colcon.colcon_core.shell:Creating prefix util module '/home/greyflon/lab_2025/install/_local_setup_util_sh.py'
[10.750s] INFO:colcon.colcon_core.shell:Creating prefix chain script '/home/greyflon/lab_2025/install/setup.sh'
[10.751s] INFO:colcon.colcon_core.shell:Creating prefix script '/home/greyflon/lab_2025/install/local_setup.bash'
[10.753s] INFO:colcon.colcon_core.shell:Creating prefix chain script '/home/greyflon/lab_2025/install/setup.bash'
[10.754s] INFO:colcon.colcon_core.shell:Creating prefix script '/home/greyflon/lab_2025/install/local_setup.zsh'
[10.755s] INFO:colcon.colcon_core.shell:Creating prefix chain script '/home/greyflon/lab_2025/install/setup.zsh'
