[2.584s] DEBUG:colcon:Command line arguments: ['/usr/bin/colcon', 'build']
[2.584s] DEBUG:colcon:Parsed command line arguments: Namespace(log_base=None, log_level=None, verb_name='build', build_base='build', install_base='install', merge_install=False, symlink_install=False, test_result_base=None, continue_on_error=False, executor='parallel', parallel_workers=12, event_handlers=None, ignore_user_meta=False, metas=['./colcon.meta'], base_paths=['.'], packages_ignore=None, packages_ignore_regex=None, paths=None, packages_up_to=None, packages_up_to_regex=None, packages_above=None, packages_above_and_dependencies=None, packages_above_depth=None, packages_select_by_dep=None, packages_skip_by_dep=None, packages_skip_up_to=None, packages_select_build_failed=False, packages_skip_build_finished=False, packages_select_test_failures=False, packages_skip_test_passed=False, packages_select=None, packages_skip=None, packages_select_regex=None, packages_skip_regex=None, packages_start=None, packages_end=None, allow_overriding=[], cmake_args=None, cmake_target=None, cmake_target_skip_unavailable=False, cmake_clean_cache=False, cmake_clean_first=False, cmake_force_configure=False, ament_cmake_args=None, catkin_cmake_args=None, catkin_skip_building_tests=False, mixin_files=None, mixin=None, verb_parser=<colcon_mixin.mixin.mixin_argument.MixinArgumentDecorator object at 0x762631a723e0>, verb_extension=<colcon_core.verb.build.BuildVerb object at 0x762631a71de0>, main=<bound method BuildVerb.main of <colcon_core.verb.build.BuildVerb object at 0x762631a71de0>>, mixin_verb=('build',))
[5.154s] Level 1:colcon.colcon_core.package_discovery:discover_packages(colcon_meta) check parameters
[5.154s] Level 1:colcon.colcon_core.package_discovery:discover_packages(recursive) check parameters
[5.155s] Level 1:colcon.colcon_core.package_discovery:discover_packages(ignore) check parameters
[5.155s] Level 1:colcon.colcon_core.package_discovery:discover_packages(path) check parameters
[5.155s] Level 1:colcon.colcon_core.package_discovery:discover_packages(colcon_meta) discover
[5.155s] Level 1:colcon.colcon_core.package_discovery:discover_packages(recursive) discover
[5.155s] INFO:colcon.colcon_core.package_discovery:Crawling recursively for packages in '/home/greyflon/lab_2025'
[5.155s] Level 1:colcon.colcon_core.package_identification:_identify(.) by extensions ['ignore', 'ignore_ament_install']
[5.155s] Level 1:colcon.colcon_core.package_identification:_identify(.) by extension 'ignore'
[5.156s] Level 1:colcon.colcon_core.package_identification:_identify(.) by extension 'ignore_ament_install'
[5.156s] Level 1:colcon.colcon_core.package_identification:_identify(.) by extensions ['colcon_pkg']
[5.156s] Level 1:colcon.colcon_core.package_identification:_identify(.) by extension 'colcon_pkg'
[5.156s] Level 1:colcon.colcon_core.package_identification:_identify(.) by extensions ['colcon_meta']
[5.156s] Level 1:colcon.colcon_core.package_identification:_identify(.) by extension 'colcon_meta'
[5.156s] Level 1:colcon.colcon_core.package_identification:_identify(.) by extensions ['ros']
[5.156s] Level 1:colcon.colcon_core.package_identification:_identify(.) by extension 'ros'
[5.213s] Level 1:colcon.colcon_core.package_identification:_identify(.) by extensions ['cmake', 'python']
[5.213s] Level 1:colcon.colcon_core.package_identification:_identify(.) by extension 'cmake'
[5.213s] Level 1:colcon.colcon_core.package_identification:_identify(.) by extension 'python'
[5.214s] Level 1:colcon.colcon_core.package_identification:_identify(.) by extensions ['python_setup_py']
[5.214s] Level 1:colcon.colcon_core.package_identification:_identify(.) by extension 'python_setup_py'
[5.214s] Level 1:colcon.colcon_core.package_identification:_identify(build) by extensions ['ignore', 'ignore_ament_install']
[5.214s] Level 1:colcon.colcon_core.package_identification:_identify(build) by extension 'ignore'
[5.214s] Level 1:colcon.colcon_core.package_identification:_identify(build) ignored
[5.215s] Level 1:colcon.colcon_core.package_identification:_identify(docker) by extensions ['ignore', 'ignore_ament_install']
[5.215s] Level 1:colcon.colcon_core.package_identification:_identify(docker) by extension 'ignore'
[5.215s] Level 1:colcon.colcon_core.package_identification:_identify(docker) by extension 'ignore_ament_install'
[5.215s] Level 1:colcon.colcon_core.package_identification:_identify(docker) by extensions ['colcon_pkg']
[5.215s] Level 1:colcon.colcon_core.package_identification:_identify(docker) by extension 'colcon_pkg'
[5.215s] Level 1:colcon.colcon_core.package_identification:_identify(docker) by extensions ['colcon_meta']
[5.215s] Level 1:colcon.colcon_core.package_identification:_identify(docker) by extension 'colcon_meta'
[5.216s] Level 1:colcon.colcon_core.package_identification:_identify(docker) by extensions ['ros']
[5.216s] Level 1:colcon.colcon_core.package_identification:_identify(docker) by extension 'ros'
[5.216s] Level 1:colcon.colcon_core.package_identification:_identify(docker) by extensions ['cmake', 'python']
[5.216s] Level 1:colcon.colcon_core.package_identification:_identify(docker) by extension 'cmake'
[5.216s] Level 1:colcon.colcon_core.package_identification:_identify(docker) by extension 'python'
[5.216s] Level 1:colcon.colcon_core.package_identification:_identify(docker) by extensions ['python_setup_py']
[5.216s] Level 1:colcon.colcon_core.package_identification:_identify(docker) by extension 'python_setup_py'
[5.216s] Level 1:colcon.colcon_core.package_identification:_identify(example) by extensions ['ignore', 'ignore_ament_install']
[5.217s] Level 1:colcon.colcon_core.package_identification:_identify(example) by extension 'ignore'
[5.217s] Level 1:colcon.colcon_core.package_identification:_identify(example) by extension 'ignore_ament_install'
[5.217s] Level 1:colcon.colcon_core.package_identification:_identify(example) by extensions ['colcon_pkg']
[5.217s] Level 1:colcon.colcon_core.package_identification:_identify(example) by extension 'colcon_pkg'
[5.217s] Level 1:colcon.colcon_core.package_identification:_identify(example) by extensions ['colcon_meta']
[5.217s] Level 1:colcon.colcon_core.package_identification:_identify(example) by extension 'colcon_meta'
[5.217s] Level 1:colcon.colcon_core.package_identification:_identify(example) by extensions ['ros']
[5.217s] Level 1:colcon.colcon_core.package_identification:_identify(example) by extension 'ros'
[5.218s] Level 1:colcon.colcon_core.package_identification:_identify(example) by extensions ['cmake', 'python']
[5.218s] Level 1:colcon.colcon_core.package_identification:_identify(example) by extension 'cmake'
[5.218s] Level 1:colcon.colcon_core.package_identification:_identify(example) by extension 'python'
[5.218s] Level 1:colcon.colcon_core.package_identification:_identify(example) by extensions ['python_setup_py']
[5.218s] Level 1:colcon.colcon_core.package_identification:_identify(example) by extension 'python_setup_py'
[5.218s] Level 1:colcon.colcon_core.package_identification:_identify(install) by extensions ['ignore', 'ignore_ament_install']
[5.218s] Level 1:colcon.colcon_core.package_identification:_identify(install) by extension 'ignore'
[5.219s] Level 1:colcon.colcon_core.package_identification:_identify(install) ignored
[5.219s] Level 1:colcon.colcon_core.package_identification:_identify(log) by extensions ['ignore', 'ignore_ament_install']
[5.219s] Level 1:colcon.colcon_core.package_identification:_identify(log) by extension 'ignore'
[5.219s] Level 1:colcon.colcon_core.package_identification:_identify(log) ignored
[5.219s] Level 1:colcon.colcon_core.package_identification:_identify(src) by extensions ['ignore', 'ignore_ament_install']
[5.220s] Level 1:colcon.colcon_core.package_identification:_identify(src) by extension 'ignore'
[5.220s] Level 1:colcon.colcon_core.package_identification:_identify(src) by extension 'ignore_ament_install'
[5.220s] Level 1:colcon.colcon_core.package_identification:_identify(src) by extensions ['colcon_pkg']
[5.220s] Level 1:colcon.colcon_core.package_identification:_identify(src) by extension 'colcon_pkg'
[5.220s] Level 1:colcon.colcon_core.package_identification:_identify(src) by extensions ['colcon_meta']
[5.220s] Level 1:colcon.colcon_core.package_identification:_identify(src) by extension 'colcon_meta'
[5.220s] Level 1:colcon.colcon_core.package_identification:_identify(src) by extensions ['ros']
[5.220s] Level 1:colcon.colcon_core.package_identification:_identify(src) by extension 'ros'
[5.220s] Level 1:colcon.colcon_core.package_identification:_identify(src) by extensions ['cmake', 'python']
[5.221s] Level 1:colcon.colcon_core.package_identification:_identify(src) by extension 'cmake'
[5.221s] Level 1:colcon.colcon_core.package_identification:_identify(src) by extension 'python'
[5.221s] Level 1:colcon.colcon_core.package_identification:_identify(src) by extensions ['python_setup_py']
[5.221s] Level 1:colcon.colcon_core.package_identification:_identify(src) by extension 'python_setup_py'
[5.221s] Level 1:colcon.colcon_core.package_identification:_identify(src/cv_basics) by extensions ['ignore', 'ignore_ament_install']
[5.221s] Level 1:colcon.colcon_core.package_identification:_identify(src/cv_basics) by extension 'ignore'
[5.221s] Level 1:colcon.colcon_core.package_identification:_identify(src/cv_basics) by extension 'ignore_ament_install'
[5.222s] Level 1:colcon.colcon_core.package_identification:_identify(src/cv_basics) by extensions ['colcon_pkg']
[5.222s] Level 1:colcon.colcon_core.package_identification:_identify(src/cv_basics) by extension 'colcon_pkg'
[5.222s] Level 1:colcon.colcon_core.package_identification:_identify(src/cv_basics) by extensions ['colcon_meta']
[5.222s] Level 1:colcon.colcon_core.package_identification:_identify(src/cv_basics) by extension 'colcon_meta'
[5.222s] Level 1:colcon.colcon_core.package_identification:_identify(src/cv_basics) by extensions ['ros']
[5.222s] Level 1:colcon.colcon_core.package_identification:_identify(src/cv_basics) by extension 'ros'
[5.241s] DEBUG:colcon.colcon_core.package_identification:Package 'src/cv_basics' with type 'ros.ament_python' and name 'cv_basics'
[5.241s] Level 1:colcon.colcon_core.package_identification:_identify(src/two_wheeled_robot) by extensions ['ignore', 'ignore_ament_install']
[5.241s] Level 1:colcon.colcon_core.package_identification:_identify(src/two_wheeled_robot) by extension 'ignore'
[5.241s] Level 1:colcon.colcon_core.package_identification:_identify(src/two_wheeled_robot) by extension 'ignore_ament_install'
[5.241s] Level 1:colcon.colcon_core.package_identification:_identify(src/two_wheeled_robot) by extensions ['colcon_pkg']
[5.242s] Level 1:colcon.colcon_core.package_identification:_identify(src/two_wheeled_robot) by extension 'colcon_pkg'
[5.242s] Level 1:colcon.colcon_core.package_identification:_identify(src/two_wheeled_robot) by extensions ['colcon_meta']
[5.242s] Level 1:colcon.colcon_core.package_identification:_identify(src/two_wheeled_robot) by extension 'colcon_meta'
[5.242s] Level 1:colcon.colcon_core.package_identification:_identify(src/two_wheeled_robot) by extensions ['ros']
[5.242s] Level 1:colcon.colcon_core.package_identification:_identify(src/two_wheeled_robot) by extension 'ros'
[5.256s] DEBUG:colcon.colcon_core.package_identification:Package 'src/two_wheeled_robot' with type 'ros.ament_cmake' and name 'two_wheeled_robot'
[5.257s] Level 1:colcon.colcon_core.package_discovery:discover_packages(recursive) using defaults
[5.257s] Level 1:colcon.colcon_core.package_discovery:discover_packages(ignore) discover
[5.257s] Level 1:colcon.colcon_core.package_discovery:discover_packages(ignore) using defaults
[5.257s] Level 1:colcon.colcon_core.package_discovery:discover_packages(path) discover
[5.257s] Level 1:colcon.colcon_core.package_discovery:discover_packages(path) using defaults
[5.404s] Level 1:colcon.colcon_core.package_discovery:discover_packages(prefix_path) check parameters
[5.404s] Level 1:colcon.colcon_core.package_discovery:discover_packages(prefix_path) discover
[5.410s] DEBUG:colcon.colcon_installed_package_information.package_discovery:Found 377 installed packages in /opt/ros/humble
[5.412s] Level 1:colcon.colcon_core.package_discovery:discover_packages(prefix_path) using defaults
[5.470s] Level 5:colcon.colcon_core.verb:set package 'cv_basics' build argument 'cmake_args' from command line to 'None'
[5.470s] Level 5:colcon.colcon_core.verb:set package 'cv_basics' build argument 'cmake_target' from command line to 'None'
[5.470s] Level 5:colcon.colcon_core.verb:set package 'cv_basics' build argument 'cmake_target_skip_unavailable' from command line to 'False'
[5.470s] Level 5:colcon.colcon_core.verb:set package 'cv_basics' build argument 'cmake_clean_cache' from command line to 'False'
[5.470s] Level 5:colcon.colcon_core.verb:set package 'cv_basics' build argument 'cmake_clean_first' from command line to 'False'
[5.470s] Level 5:colcon.colcon_core.verb:set package 'cv_basics' build argument 'cmake_force_configure' from command line to 'False'
[5.470s] Level 5:colcon.colcon_core.verb:set package 'cv_basics' build argument 'ament_cmake_args' from command line to 'None'
[5.470s] Level 5:colcon.colcon_core.verb:set package 'cv_basics' build argument 'catkin_cmake_args' from command line to 'None'
[5.470s] Level 5:colcon.colcon_core.verb:set package 'cv_basics' build argument 'catkin_skip_building_tests' from command line to 'False'
[5.470s] DEBUG:colcon.colcon_core.verb:Building package 'cv_basics' with the following arguments: {'ament_cmake_args': None, 'build_base': '/home/greyflon/lab_2025/build/cv_basics', 'catkin_cmake_args': None, 'catkin_skip_building_tests': False, 'cmake_args': None, 'cmake_clean_cache': False, 'cmake_clean_first': False, 'cmake_force_configure': False, 'cmake_target': None, 'cmake_target_skip_unavailable': False, 'install_base': '/home/greyflon/lab_2025/install/cv_basics', 'merge_install': False, 'path': '/home/greyflon/lab_2025/src/cv_basics', 'symlink_install': False, 'test_result_base': None}
[5.470s] Level 5:colcon.colcon_core.verb:set package 'two_wheeled_robot' build argument 'cmake_args' from command line to 'None'
[5.470s] Level 5:colcon.colcon_core.verb:set package 'two_wheeled_robot' build argument 'cmake_target' from command line to 'None'
[5.470s] Level 5:colcon.colcon_core.verb:set package 'two_wheeled_robot' build argument 'cmake_target_skip_unavailable' from command line to 'False'
[5.470s] Level 5:colcon.colcon_core.verb:set package 'two_wheeled_robot' build argument 'cmake_clean_cache' from command line to 'False'
[5.470s] Level 5:colcon.colcon_core.verb:set package 'two_wheeled_robot' build argument 'cmake_clean_first' from command line to 'False'
[5.470s] Level 5:colcon.colcon_core.verb:set package 'two_wheeled_robot' build argument 'cmake_force_configure' from command line to 'False'
[5.470s] Level 5:colcon.colcon_core.verb:set package 'two_wheeled_robot' build argument 'ament_cmake_args' from command line to 'None'
[5.470s] Level 5:colcon.colcon_core.verb:set package 'two_wheeled_robot' build argument 'catkin_cmake_args' from command line to 'None'
[5.470s] Level 5:colcon.colcon_core.verb:set package 'two_wheeled_robot' build argument 'catkin_skip_building_tests' from command line to 'False'
[5.470s] DEBUG:colcon.colcon_core.verb:Building package 'two_wheeled_robot' with the following arguments: {'ament_cmake_args': None, 'build_base': '/home/greyflon/lab_2025/build/two_wheeled_robot', 'catkin_cmake_args': None, 'catkin_skip_building_tests': False, 'cmake_args': None, 'cmake_clean_cache': False, 'cmake_clean_first': False, 'cmake_force_configure': False, 'cmake_target': None, 'cmake_target_skip_unavailable': False, 'install_base': '/home/greyflon/lab_2025/install/two_wheeled_robot', 'merge_install': False, 'path': '/home/greyflon/lab_2025/src/two_wheeled_robot', 'symlink_install': False, 'test_result_base': None}
[5.471s] INFO:colcon.colcon_core.executor:Executing jobs using 'parallel' executor
[5.472s] DEBUG:colcon.colcon_parallel_executor.executor.parallel:run_until_complete
[5.472s] INFO:colcon.colcon_ros.task.ament_python.build:Building ROS package in '/home/greyflon/lab_2025/src/cv_basics' with build type 'ament_python'
[5.472s] Level 1:colcon.colcon_core.shell:create_environment_hook('cv_basics', 'ament_prefix_path')
[5.477s] INFO:colcon.colcon_core.plugin_system:Skipping extension 'colcon_core.shell.bat': Not used on non-Windows systems
[5.477s] INFO:colcon.colcon_core.shell:Creating environment hook '/home/greyflon/lab_2025/install/cv_basics/share/cv_basics/hook/ament_prefix_path.ps1'
[5.489s] INFO:colcon.colcon_core.shell:Creating environment descriptor '/home/greyflon/lab_2025/install/cv_basics/share/cv_basics/hook/ament_prefix_path.dsv'
[5.501s] INFO:colcon.colcon_core.shell:Creating environment hook '/home/greyflon/lab_2025/install/cv_basics/share/cv_basics/hook/ament_prefix_path.sh'
[5.503s] INFO:colcon.colcon_core.shell:Skip shell extension 'powershell' for command environment: Not usable outside of PowerShell
[5.503s] DEBUG:colcon.colcon_core.shell:Skip shell extension 'dsv' for command environment
[5.506s] INFO:colcon.colcon_ros.task.ament_cmake.build:Building ROS package in '/home/greyflon/lab_2025/src/two_wheeled_robot' with build type 'ament_cmake'
[5.506s] INFO:colcon.colcon_cmake.task.cmake.build:Building CMake package in '/home/greyflon/lab_2025/src/two_wheeled_robot'
[5.507s] INFO:colcon.colcon_core.shell:Skip shell extension 'powershell' for command environment: Not usable outside of PowerShell
[5.507s] DEBUG:colcon.colcon_core.shell:Skip shell extension 'dsv' for command environment
[5.836s] INFO:colcon.colcon_core.task.python.build:Building Python package in '/home/greyflon/lab_2025/src/cv_basics'
[5.837s] INFO:colcon.colcon_core.shell:Skip shell extension 'powershell' for command environment: Not usable outside of PowerShell
[5.837s] DEBUG:colcon.colcon_core.shell:Skip shell extension 'dsv' for command environment
[5.858s] DEBUG:colcon.colcon_core.event_handler.log_command:Invoking command in '/home/greyflon/lab_2025/build/two_wheeled_robot': CMAKE_PREFIX_PATH=/opt/ros/humble /usr/bin/cmake --build /home/greyflon/lab_2025/build/two_wheeled_robot -- -j12 -l12
[6.606s] DEBUG:colcon.colcon_core.event_handler.log_command:Invoked command in '/home/greyflon/lab_2025/build/two_wheeled_robot' returned '0': CMAKE_PREFIX_PATH=/opt/ros/humble /usr/bin/cmake --build /home/greyflon/lab_2025/build/two_wheeled_robot -- -j12 -l12
[6.628s] DEBUG:colcon.colcon_core.event_handler.log_command:Invoking command in '/home/greyflon/lab_2025/build/two_wheeled_robot': CMAKE_PREFIX_PATH=/opt/ros/humble /usr/bin/cmake --install /home/greyflon/lab_2025/build/two_wheeled_robot
[7.308s] DEBUG:colcon.colcon_core.event_handler.log_command:Invoking command in '/home/greyflon/lab_2025/src/cv_basics': PYTHONPATH=/home/greyflon/lab_2025/build/cv_basics/prefix_override:/usr/lib/python3/dist-packages/colcon_core/task/python/colcon_distutils_commands:/home/greyflon/lab_2025/install/cv_basics/lib/python3.10/site-packages:${PYTHONPATH} /usr/bin/python3 -W ignore:setup.py install is deprecated -W ignore:easy_install command is deprecated setup.py egg_info --egg-base ../../build/cv_basics build --build-base /home/greyflon/lab_2025/build/cv_basics/build install --record /home/greyflon/lab_2025/build/cv_basics/install.log --single-version-externally-managed install_data
[7.657s] DEBUG:colcon.colcon_core.event_handler.log_command:Invoked command in '/home/greyflon/lab_2025/src/cv_basics' returned '0': PYTHONPATH=/home/greyflon/lab_2025/build/cv_basics/prefix_override:/usr/lib/python3/dist-packages/colcon_core/task/python/colcon_distutils_commands:/home/greyflon/lab_2025/install/cv_basics/lib/python3.10/site-packages:${PYTHONPATH} /usr/bin/python3 -W ignore:setup.py install is deprecated -W ignore:easy_install command is deprecated setup.py egg_info --egg-base ../../build/cv_basics build --build-base /home/greyflon/lab_2025/build/cv_basics/build install --record /home/greyflon/lab_2025/build/cv_basics/install.log --single-version-externally-managed install_data
[7.715s] Level 1:colcon.colcon_core.environment:checking '/home/greyflon/lab_2025/install/cv_basics' for CMake module files
[7.716s] Level 1:colcon.colcon_core.environment:checking '/home/greyflon/lab_2025/install/cv_basics' for CMake config files
[7.732s] Level 1:colcon.colcon_core.environment:checking '/home/greyflon/lab_2025/install/cv_basics/lib'
[7.732s] Level 1:colcon.colcon_core.environment:checking '/home/greyflon/lab_2025/install/cv_basics/bin'
[7.732s] Level 1:colcon.colcon_core.environment:checking '/home/greyflon/lab_2025/install/cv_basics/lib/pkgconfig/cv_basics.pc'
[7.733s] Level 1:colcon.colcon_core.environment:checking '/home/greyflon/lab_2025/install/cv_basics/lib/python3.10/site-packages'
[7.733s] Level 1:colcon.colcon_core.shell:create_environment_hook('cv_basics', 'pythonpath')
[7.734s] INFO:colcon.colcon_core.shell:Creating environment hook '/home/greyflon/lab_2025/install/cv_basics/share/cv_basics/hook/pythonpath.ps1'
[7.735s] INFO:colcon.colcon_core.shell:Creating environment descriptor '/home/greyflon/lab_2025/install/cv_basics/share/cv_basics/hook/pythonpath.dsv'
[7.738s] INFO:colcon.colcon_core.shell:Creating environment hook '/home/greyflon/lab_2025/install/cv_basics/share/cv_basics/hook/pythonpath.sh'
[7.740s] Level 1:colcon.colcon_core.environment:checking '/home/greyflon/lab_2025/install/cv_basics/bin'
[7.741s] Level 1:colcon.colcon_core.environment:create_environment_scripts_only(cv_basics)
[7.741s] INFO:colcon.colcon_core.shell:Creating package script '/home/greyflon/lab_2025/install/cv_basics/share/cv_basics/package.ps1'
[7.753s] INFO:colcon.colcon_core.shell:Creating package descriptor '/home/greyflon/lab_2025/install/cv_basics/share/cv_basics/package.dsv'
[7.760s] INFO:colcon.colcon_core.shell:Creating package script '/home/greyflon/lab_2025/install/cv_basics/share/cv_basics/package.sh'
[7.769s] INFO:colcon.colcon_core.shell:Creating package script '/home/greyflon/lab_2025/install/cv_basics/share/cv_basics/package.bash'
[7.786s] INFO:colcon.colcon_core.shell:Creating package script '/home/greyflon/lab_2025/install/cv_basics/share/cv_basics/package.zsh'
[7.797s] Level 1:colcon.colcon_core.environment:create_file_with_runtime_dependencies(/home/greyflon/lab_2025/install/cv_basics/share/colcon-core/packages/cv_basics)
[8.211s] Level 1:colcon.colcon_core.environment:create_environment_scripts_only(two_wheeled_robot)
[8.212s] Level 1:colcon.colcon_core.environment:checking '/home/greyflon/lab_2025/install/two_wheeled_robot' for CMake module files
[8.212s] DEBUG:colcon.colcon_core.event_handler.log_command:Invoked command in '/home/greyflon/lab_2025/build/two_wheeled_robot' returned '0': CMAKE_PREFIX_PATH=/opt/ros/humble /usr/bin/cmake --install /home/greyflon/lab_2025/build/two_wheeled_robot
[8.213s] Level 1:colcon.colcon_core.environment:checking '/home/greyflon/lab_2025/install/two_wheeled_robot' for CMake config files
[8.264s] Level 1:colcon.colcon_core.shell:create_environment_hook('two_wheeled_robot', 'cmake_prefix_path')
[8.265s] INFO:colcon.colcon_core.shell:Creating environment hook '/home/greyflon/lab_2025/install/two_wheeled_robot/share/two_wheeled_robot/hook/cmake_prefix_path.ps1'
[8.265s] INFO:colcon.colcon_core.shell:Creating environment descriptor '/home/greyflon/lab_2025/install/two_wheeled_robot/share/two_wheeled_robot/hook/cmake_prefix_path.dsv'
[8.265s] INFO:colcon.colcon_core.shell:Creating environment hook '/home/greyflon/lab_2025/install/two_wheeled_robot/share/two_wheeled_robot/hook/cmake_prefix_path.sh'
[8.266s] Level 1:colcon.colcon_core.environment:checking '/home/greyflon/lab_2025/install/two_wheeled_robot/bin'
[8.266s] Level 1:colcon.colcon_core.environment:checking '/home/greyflon/lab_2025/install/two_wheeled_robot/lib/pkgconfig/two_wheeled_robot.pc'
[8.266s] Level 1:colcon.colcon_core.environment:checking '/home/greyflon/lab_2025/install/two_wheeled_robot/lib/python3.10/site-packages'
[8.266s] Level 1:colcon.colcon_core.environment:checking '/home/greyflon/lab_2025/install/two_wheeled_robot/bin'
[8.267s] INFO:colcon.colcon_core.shell:Creating package script '/home/greyflon/lab_2025/install/two_wheeled_robot/share/two_wheeled_robot/package.ps1'
[8.267s] INFO:colcon.colcon_core.shell:Creating package descriptor '/home/greyflon/lab_2025/install/two_wheeled_robot/share/two_wheeled_robot/package.dsv'
[8.267s] INFO:colcon.colcon_core.shell:Creating package script '/home/greyflon/lab_2025/install/two_wheeled_robot/share/two_wheeled_robot/package.sh'
[8.268s] INFO:colcon.colcon_core.shell:Creating package script '/home/greyflon/lab_2025/install/two_wheeled_robot/share/two_wheeled_robot/package.bash'
[8.268s] INFO:colcon.colcon_core.shell:Creating package script '/home/greyflon/lab_2025/install/two_wheeled_robot/share/two_wheeled_robot/package.zsh'
[8.268s] Level 1:colcon.colcon_core.environment:create_file_with_runtime_dependencies(/home/greyflon/lab_2025/install/two_wheeled_robot/share/colcon-core/packages/two_wheeled_robot)
[8.269s] Level 1:colcon.colcon_core.environment:create_environment_scripts_only(two_wheeled_robot)
[8.269s] Level 1:colcon.colcon_core.environment:checking '/home/greyflon/lab_2025/install/two_wheeled_robot' for CMake module files
[8.270s] Level 1:colcon.colcon_core.environment:checking '/home/greyflon/lab_2025/install/two_wheeled_robot' for CMake config files
[8.289s] Level 1:colcon.colcon_core.shell:create_environment_hook('two_wheeled_robot', 'cmake_prefix_path')
[8.289s] INFO:colcon.colcon_core.shell:Creating environment hook '/home/greyflon/lab_2025/install/two_wheeled_robot/share/two_wheeled_robot/hook/cmake_prefix_path.ps1'
[8.290s] INFO:colcon.colcon_core.shell:Creating environment descriptor '/home/greyflon/lab_2025/install/two_wheeled_robot/share/two_wheeled_robot/hook/cmake_prefix_path.dsv'
[8.290s] INFO:colcon.colcon_core.shell:Creating environment hook '/home/greyflon/lab_2025/install/two_wheeled_robot/share/two_wheeled_robot/hook/cmake_prefix_path.sh'
[8.291s] Level 1:colcon.colcon_core.environment:checking '/home/greyflon/lab_2025/install/two_wheeled_robot/bin'
[8.291s] Level 1:colcon.colcon_core.environment:checking '/home/greyflon/lab_2025/install/two_wheeled_robot/lib/pkgconfig/two_wheeled_robot.pc'
[8.291s] Level 1:colcon.colcon_core.environment:checking '/home/greyflon/lab_2025/install/two_wheeled_robot/lib/python3.10/site-packages'
[8.291s] Level 1:colcon.colcon_core.environment:checking '/home/greyflon/lab_2025/install/two_wheeled_robot/bin'
[8.292s] INFO:colcon.colcon_core.shell:Creating package script '/home/greyflon/lab_2025/install/two_wheeled_robot/share/two_wheeled_robot/package.ps1'
[8.292s] INFO:colcon.colcon_core.shell:Creating package descriptor '/home/greyflon/lab_2025/install/two_wheeled_robot/share/two_wheeled_robot/package.dsv'
[8.292s] INFO:colcon.colcon_core.shell:Creating package script '/home/greyflon/lab_2025/install/two_wheeled_robot/share/two_wheeled_robot/package.sh'
[8.293s] INFO:colcon.colcon_core.shell:Creating package script '/home/greyflon/lab_2025/install/two_wheeled_robot/share/two_wheeled_robot/package.bash'
[8.293s] INFO:colcon.colcon_core.shell:Creating package script '/home/greyflon/lab_2025/install/two_wheeled_robot/share/two_wheeled_robot/package.zsh'
[8.294s] Level 1:colcon.colcon_core.environment:create_file_with_runtime_dependencies(/home/greyflon/lab_2025/install/two_wheeled_robot/share/colcon-core/packages/two_wheeled_robot)
[8.294s] DEBUG:colcon.colcon_parallel_executor.executor.parallel:closing loop
[8.294s] DEBUG:colcon.colcon_parallel_executor.executor.parallel:loop closed
[8.294s] DEBUG:colcon.colcon_parallel_executor.executor.parallel:run_until_complete finished with '0'
[8.294s] DEBUG:colcon.colcon_core.event_reactor:joining thread
[8.307s] INFO:colcon.colcon_core.plugin_system:Skipping extension 'colcon_notification.desktop_notification.terminal_notifier': Not used on non-Darwin systems
[8.307s] INFO:colcon.colcon_core.plugin_system:Skipping extension 'colcon_notification.desktop_notification.win32': Not used on non-Windows systems
[8.307s] INFO:colcon.colcon_notification.desktop_notification:Sending desktop notification using 'notify2'
[8.354s] DEBUG:colcon.colcon_core.event_reactor:joined thread
[8.355s] INFO:colcon.colcon_core.shell:Creating prefix script '/home/greyflon/lab_2025/install/local_setup.ps1'
[8.357s] INFO:colcon.colcon_core.shell:Creating prefix util module '/home/greyflon/lab_2025/install/_local_setup_util_ps1.py'
[8.359s] INFO:colcon.colcon_core.shell:Creating prefix chain script '/home/greyflon/lab_2025/install/setup.ps1'
[8.361s] INFO:colcon.colcon_core.shell:Creating prefix script '/home/greyflon/lab_2025/install/local_setup.sh'
[8.362s] INFO:colcon.colcon_core.shell:Creating prefix util module '/home/greyflon/lab_2025/install/_local_setup_util_sh.py'
[8.362s] INFO:colcon.colcon_core.shell:Creating prefix chain script '/home/greyflon/lab_2025/install/setup.sh'
[8.364s] INFO:colcon.colcon_core.shell:Creating prefix script '/home/greyflon/lab_2025/install/local_setup.bash'
[8.377s] INFO:colcon.colcon_core.shell:Creating prefix chain script '/home/greyflon/lab_2025/install/setup.bash'
[8.378s] INFO:colcon.colcon_core.shell:Creating prefix script '/home/greyflon/lab_2025/install/local_setup.zsh'
[8.397s] INFO:colcon.colcon_core.shell:Creating prefix chain script '/home/greyflon/lab_2025/install/setup.zsh'
